[2026-10-05T13:32:12.728+0000] {local_task_job_runner.py:123} INFO - ::group::Pre task execution logs
[2026-10-05T13:32:13.068+0000] {taskinstance.py:2614} INFO - Dependencies all met for dep_context=non-requeueable deps ti=<TaskInstance: market_data_elt_pipeline.dbt_transform_silver_and_gold manual__2026-10-05T13:31:05.206154+00:00 [queued]>
[2026-10-05T13:32:13.123+0000] {taskinstance.py:2614} INFO - Dependencies all met for dep_context=requeueable deps ti=<TaskInstance: market_data_elt_pipeline.dbt_transform_silver_and_gold manual__2026-10-05T13:31:05.206154+00:00 [queued]>
[2026-10-05T13:32:13.131+0000] {taskinstance.py:2867} INFO - Starting attempt 1 of 2
[2026-10-05T13:32:13.218+0000] {taskinstance.py:2890} INFO - Executing <Task(BashOperator): dbt_transform_silver_and_gold> on 2026-10-05 13:31:05.206154+00:00
[2026-10-05T13:32:13.273+0000] {standard_task_runner.py:72} INFO - Started process 1265 to run task
[2026-10-05T13:32:13.297+0000] {standard_task_runner.py:104} INFO - Running: ['airflow', 'tasks', 'run', 'market_data_elt_pipeline', 'dbt_transform_silver_and_gold', 'manual__2026-10-05T13:31:05.206154+00:00', '--job-id', '23', '--raw', '--subdir', 'DAGS_FOLDER/market_elt_pipeline.py', '--cfg-path', '/tmp/tmpgkota142']
[2026-10-05T13:32:13.322+0000] {standard_task_runner.py:105} INFO - Job 23: Subtask dbt_transform_silver_and_gold
[2026-10-05T13:32:14.085+0000] {task_command.py:467} INFO - Running <TaskInstance: market_data_elt_pipeline.dbt_transform_silver_and_gold manual__2026-10-05T13:31:05.206154+00:00 [running]> on host 8e41545c7181
[2026-10-05T13:32:16.348+0000] {taskinstance.py:3134} INFO - Exporting env vars: AIRFLOW_CTX_DAG_OWNER='data_engineering' AIRFLOW_CTX_DAG_ID='market_data_elt_pipeline' AIRFLOW_CTX_TASK_ID='dbt_transform_silver_and_gold' AIRFLOW_CTX_EXECUTION_DATE='2026-10-05T13:31:05.206154+00:00' AIRFLOW_CTX_TRY_NUMBER='1' AIRFLOW_CTX_DAG_RUN_ID='manual__2026-10-05T13:31:05.206154+00:00'
[2026-10-05T13:32:16.380+0000] {taskinstance.py:732} INFO - ::endgroup::
[2026-10-05T13:32:16.683+0000] {subprocess.py:78} INFO - Tmp dir root location: /tmp
[2026-10-05T13:32:16.808+0000] {subprocess.py:88} INFO - Running command: ['/usr/bin/bash', '-c', 'cd /opt/airflow/market_pipeline && dbt run --profiles-dir . --target docker']
[2026-10-05T13:32:16.926+0000] {subprocess.py:99} INFO - Output:
[2026-10-05T13:32:24.816+0000] {subprocess.py:106} INFO - [0m13:32:24  Running with dbt=1.12.5
[2026-10-05T13:32:25.821+0000] {subprocess.py:106} INFO - [0m13:32:25  Registered adapter: postgres=1.11.0
[2026-10-05T13:32:27.158+0000] {subprocess.py:106} INFO - [0m13:32:27  Found 2 models, 10 data tests, 1 source, 477 macros
[2026-10-05T13:32:27.170+0000] {subprocess.py:106} INFO - [0m13:32:27
[2026-10-05T13:32:27.172+0000] {subprocess.py:106} INFO - [0m13:32:27  Concurrency: 4 threads (target='docker')
[2026-10-05T13:32:27.175+0000] {subprocess.py:106} INFO - [0m13:32:27
[2026-10-05T13:32:27.677+0000] {subprocess.py:106} INFO - [0m13:32:27  1 of 2 START sql view model public.stg_market_data ............................. [RUN]
[2026-10-05T13:32:28.175+0000] {subprocess.py:106} INFO - [0m13:32:28  1 of 2 OK created sql view model public.stg_market_data ........................ [[32mCREATE VIEW[0m in 0.49s]
[2026-10-05T13:32:28.184+0000] {subprocess.py:106} INFO - [0m13:32:28  2 of 2 START sql table model public.fct_daily_market_performance ............... [RUN]
[2026-10-05T13:32:28.571+0000] {subprocess.py:106} INFO - [0m13:32:28  2 of 2 OK created sql table model public.fct_daily_market_performance .......... [[32mSELECT 12[0m in 0.38s]
[2026-10-05T13:32:28.629+0000] {subprocess.py:106} INFO - [0m13:32:28
[2026-10-05T13:32:28.636+0000] {subprocess.py:106} INFO - [0m13:32:28  Finished running 1 table model, 1 view model in 0 hours 0 minutes and 1.45 seconds (1.45s).
[2026-10-05T13:32:28.853+0000] {subprocess.py:106} INFO - [0m13:32:28
[2026-10-05T13:32:28.856+0000] {subprocess.py:106} INFO - [0m13:32:28  [32mCompleted successfully[0m
[2026-10-05T13:32:28.859+0000] {subprocess.py:106} INFO - [0m13:32:28
[2026-10-05T13:32:28.862+0000] {subprocess.py:106} INFO - [0m13:32:28  Done. PASS=2 WARN=0 ERROR=0 SKIP=0 NO-OP=0 REUSED=0 TOTAL=2
[2026-10-05T13:32:30.535+0000] {subprocess.py:110} INFO - Command exited with return code 0
[2026-10-05T13:32:30.993+0000] {taskinstance.py:341} INFO - ::group::Post task execution logs
[2026-10-05T13:32:31.000+0000] {taskinstance.py:353} INFO - Marking task as SUCCESS. dag_id=market_data_elt_pipeline, task_id=dbt_transform_silver_and_gold, run_id=manual__2026-10-05T13:31:05.206154+00:00, execution_date=20261005T133105, start_date=20261005T133213, end_date=20261005T133230
[2026-10-05T13:32:31.278+0000] {local_task_job_runner.py:266} INFO - Task exited with return code 0
[2026-10-05T13:32:31.497+0000] {taskinstance.py:3901} INFO - 1 downstream tasks scheduled from follow-on schedule check
[2026-10-05T13:32:31.504+0000] {local_task_job_runner.py:245} INFO - ::endgroup::
