[2026-10-05T10:27:38.487+0000] {local_task_job_runner.py:123} INFO - ::group::Pre task execution logs
[2026-10-05T10:27:38.517+0000] {taskinstance.py:2614} INFO - Dependencies all met for dep_context=non-requeueable deps ti=<TaskInstance: market_data_elt_pipeline.dbt_transform_silver_and_gold manual__2026-10-05T10:25:15.793672+00:00 [queued]>
[2026-10-05T10:27:38.527+0000] {taskinstance.py:2614} INFO - Dependencies all met for dep_context=requeueable deps ti=<TaskInstance: market_data_elt_pipeline.dbt_transform_silver_and_gold manual__2026-10-05T10:25:15.793672+00:00 [queued]>
[2026-10-05T10:27:38.528+0000] {taskinstance.py:2867} INFO - Starting attempt 2 of 2
[2026-10-05T10:27:38.543+0000] {taskinstance.py:2890} INFO - Executing <Task(BashOperator): dbt_transform_silver_and_gold> on 2026-10-05 10:25:15.793672+00:00
[2026-10-05T10:27:38.550+0000] {standard_task_runner.py:72} INFO - Started process 906 to run task
[2026-10-05T10:27:38.555+0000] {standard_task_runner.py:104} INFO - Running: ['airflow', 'tasks', 'run', 'market_data_elt_pipeline', 'dbt_transform_silver_and_gold', 'manual__2026-10-05T10:25:15.793672+00:00', '--job-id', '18', '--raw', '--subdir', 'DAGS_FOLDER/market_elt_pipeline.py', '--cfg-path', '/tmp/tmpw62uxbbj']
[2026-10-05T10:27:38.558+0000] {standard_task_runner.py:105} INFO - Job 18: Subtask dbt_transform_silver_and_gold
[2026-10-05T10:27:38.627+0000] {task_command.py:467} INFO - Running <TaskInstance: market_data_elt_pipeline.dbt_transform_silver_and_gold manual__2026-10-05T10:25:15.793672+00:00 [running]> on host 8e41545c7181
[2026-10-05T10:27:38.740+0000] {taskinstance.py:3134} INFO - Exporting env vars: AIRFLOW_CTX_DAG_OWNER='data_engineering' AIRFLOW_CTX_DAG_ID='market_data_elt_pipeline' AIRFLOW_CTX_TASK_ID='dbt_transform_silver_and_gold' AIRFLOW_CTX_EXECUTION_DATE='2026-10-05T10:25:15.793672+00:00' AIRFLOW_CTX_TRY_NUMBER='2' AIRFLOW_CTX_DAG_RUN_ID='manual__2026-10-05T10:25:15.793672+00:00'
[2026-10-05T10:27:38.742+0000] {taskinstance.py:732} INFO - ::endgroup::
[2026-10-05T10:27:38.778+0000] {subprocess.py:78} INFO - Tmp dir root location: /tmp
[2026-10-05T10:27:38.781+0000] {subprocess.py:88} INFO - Running command: ['/usr/bin/bash', '-c', 'cd /opt/airflow/market_pipeline && dbt run --profiles-dir . --target docker']
[2026-10-05T10:27:38.796+0000] {subprocess.py:99} INFO - Output:
[2026-10-05T10:27:45.275+0000] {subprocess.py:106} INFO - [0m10:27:45  Running with dbt=1.12.5
[2026-10-05T10:27:45.314+0000] {subprocess.py:106} INFO - [0m10:27:45  [[31mERROR[0m]: Encountered an error:
[2026-10-05T10:27:45.318+0000] {subprocess.py:106} INFO - Runtime Error
[2026-10-05T10:27:45.320+0000] {subprocess.py:106} INFO - 
[2026-10-05T10:27:45.322+0000] {subprocess.py:106} INFO -   dbt encountered an error while trying to read your profiles.yml file.
[2026-10-05T10:27:45.324+0000] {subprocess.py:106} INFO - 
[2026-10-05T10:27:45.326+0000] {subprocess.py:106} INFO -   The profiles.yml file at ./profiles.yml is empty
[2026-10-05T10:27:45.330+0000] {subprocess.py:106} INFO - 
[2026-10-05T10:27:46.816+0000] {subprocess.py:110} INFO - Command exited with return code 2
[2026-10-05T10:27:46.847+0000] {taskinstance.py:3313} ERROR - Task failed with exception
Traceback (most recent call last):
  File "/home/airflow/.local/lib/python3.11/site-packages/airflow/models/taskinstance.py", line 768, in _execute_task
    result = _execute_callable(context=context, **execute_callable_kwargs)
             ^^^^^^^^^^^^^^^^^^^^^^^^^^^^^^^^^^^^^^^^^^^^^^^^^^^^^^^^^^^^^
  File "/home/airflow/.local/lib/python3.11/site-packages/airflow/models/taskinstance.py", line 734, in _execute_callable
    return ExecutionCallableRunner(
           ^^^^^^^^^^^^^^^^^^^^^^^^
  File "/home/airflow/.local/lib/python3.11/site-packages/airflow/utils/operator_helpers.py", line 252, in run
    return self.func(*args, **kwargs)
           ^^^^^^^^^^^^^^^^^^^^^^^^^^
  File "/home/airflow/.local/lib/python3.11/site-packages/airflow/models/baseoperator.py", line 424, in wrapper
    return func(self, *args, **kwargs)
           ^^^^^^^^^^^^^^^^^^^^^^^^^^^
  File "/home/airflow/.local/lib/python3.11/site-packages/airflow/operators/bash.py", line 276, in execute
    raise AirflowException(
airflow.exceptions.AirflowException: Bash command failed. The command returned a non-zero exit code 2.
[2026-10-05T10:27:46.856+0000] {taskinstance.py:1226} INFO - Marking task as FAILED. dag_id=market_data_elt_pipeline, task_id=dbt_transform_silver_and_gold, run_id=manual__2026-10-05T10:25:15.793672+00:00, execution_date=20261005T102515, start_date=20261005T102738, end_date=20261005T102746
[2026-10-05T10:27:46.921+0000] {taskinstance.py:341} INFO - ::group::Post task execution logs
[2026-10-05T10:27:46.923+0000] {standard_task_runner.py:124} ERROR - Failed to execute job 18 for task dbt_transform_silver_and_gold (Bash command failed. The command returned a non-zero exit code 2.; 906)
Traceback (most recent call last):
  File "/home/airflow/.local/lib/python3.11/site-packages/airflow/task/task_runner/standard_task_runner.py", line 117, in _start_by_fork
    ret = args.func(args, dag=self.dag)
          ^^^^^^^^^^^^^^^^^^^^^^^^^^^^^
  File "/home/airflow/.local/lib/python3.11/site-packages/airflow/cli/cli_config.py", line 49, in command
    return func(*args, **kwargs)
           ^^^^^^^^^^^^^^^^^^^^^
  File "/home/airflow/.local/lib/python3.11/site-packages/airflow/utils/cli.py", line 116, in wrapper
    return f(*args, **kwargs)
           ^^^^^^^^^^^^^^^^^^
  File "/home/airflow/.local/lib/python3.11/site-packages/airflow/cli/commands/task_command.py", line 483, in task_run
    task_return_code = _run_task_by_selected_method(args, _dag, ti)
                       ^^^^^^^^^^^^^^^^^^^^^^^^^^^^^^^^^^^^^^^^^^^^
  File "/home/airflow/.local/lib/python3.11/site-packages/airflow/cli/commands/task_command.py", line 256, in _run_task_by_selected_method
    return _run_raw_task(args, ti)
           ^^^^^^^^^^^^^^^^^^^^^^^
  File "/home/airflow/.local/lib/python3.11/site-packages/airflow/cli/commands/task_command.py", line 341, in _run_raw_task
    return ti._run_raw_task(
           ^^^^^^^^^^^^^^^^^
  File "/home/airflow/.local/lib/python3.11/site-packages/airflow/utils/session.py", line 97, in wrapper
    return func(*args, session=session, **kwargs)
           ^^^^^^^^^^^^^^^^^^^^^^^^^^^^^^^^^^^^^^
  File "/home/airflow/.local/lib/python3.11/site-packages/airflow/models/taskinstance.py", line 3006, in _run_raw_task
    return _run_raw_task(
           ^^^^^^^^^^^^^^
  File "/home/airflow/.local/lib/python3.11/site-packages/airflow/models/taskinstance.py", line 274, in _run_raw_task
    TaskInstance._execute_task_with_callbacks(
  File "/home/airflow/.local/lib/python3.11/site-packages/airflow/models/taskinstance.py", line 3161, in _execute_task_with_callbacks
    result = self._execute_task(context, task_orig)
             ^^^^^^^^^^^^^^^^^^^^^^^^^^^^^^^^^^^^^^
  File "/home/airflow/.local/lib/python3.11/site-packages/airflow/models/taskinstance.py", line 3185, in _execute_task
    return _execute_task(self, context, task_orig)
           ^^^^^^^^^^^^^^^^^^^^^^^^^^^^^^^^^^^^^^^
  File "/home/airflow/.local/lib/python3.11/site-packages/airflow/models/taskinstance.py", line 768, in _execute_task
    result = _execute_callable(context=context, **execute_callable_kwargs)
             ^^^^^^^^^^^^^^^^^^^^^^^^^^^^^^^^^^^^^^^^^^^^^^^^^^^^^^^^^^^^^
  File "/home/airflow/.local/lib/python3.11/site-packages/airflow/models/taskinstance.py", line 734, in _execute_callable
    return ExecutionCallableRunner(
           ^^^^^^^^^^^^^^^^^^^^^^^^
  File "/home/airflow/.local/lib/python3.11/site-packages/airflow/utils/operator_helpers.py", line 252, in run
    return self.func(*args, **kwargs)
           ^^^^^^^^^^^^^^^^^^^^^^^^^^
  File "/home/airflow/.local/lib/python3.11/site-packages/airflow/models/baseoperator.py", line 424, in wrapper
    return func(self, *args, **kwargs)
           ^^^^^^^^^^^^^^^^^^^^^^^^^^^
  File "/home/airflow/.local/lib/python3.11/site-packages/airflow/operators/bash.py", line 276, in execute
    raise AirflowException(
airflow.exceptions.AirflowException: Bash command failed. The command returned a non-zero exit code 2.
[2026-10-05T10:27:46.978+0000] {local_task_job_runner.py:266} INFO - Task exited with return code 1
[2026-10-05T10:27:47.023+0000] {taskinstance.py:3901} INFO - 0 downstream tasks scheduled from follow-on schedule check
[2026-10-05T10:27:47.032+0000] {local_task_job_runner.py:245} INFO - ::endgroup::
