[2026-10-05T10:25:05.264+0000] {local_task_job_runner.py:123} INFO - ::group::Pre task execution logs
[2026-10-05T10:25:05.389+0000] {taskinstance.py:2614} INFO - Dependencies all met for dep_context=non-requeueable deps ti=<TaskInstance: market_data_elt_pipeline.dbt_transform_silver_and_gold manual__2026-10-05T10:24:50.095612+00:00 [queued]>
[2026-10-05T10:25:05.440+0000] {taskinstance.py:2614} INFO - Dependencies all met for dep_context=requeueable deps ti=<TaskInstance: market_data_elt_pipeline.dbt_transform_silver_and_gold manual__2026-10-05T10:24:50.095612+00:00 [queued]>
[2026-10-05T10:25:05.443+0000] {taskinstance.py:2867} INFO - Starting attempt 1 of 2
[2026-10-05T10:25:05.491+0000] {taskinstance.py:2890} INFO - Executing <Task(BashOperator): dbt_transform_silver_and_gold> on 2026-10-05 10:24:50.095612+00:00
[2026-10-05T10:25:05.520+0000] {standard_task_runner.py:72} INFO - Started process 827 to run task
[2026-10-05T10:25:05.539+0000] {standard_task_runner.py:104} INFO - Running: ['airflow', 'tasks', 'run', 'market_data_elt_pipeline', 'dbt_transform_silver_and_gold', 'manual__2026-10-05T10:24:50.095612+00:00', '--job-id', '12', '--raw', '--subdir', 'DAGS_FOLDER/market_elt_pipeline.py', '--cfg-path', '/tmp/tmp1rrgo0dc']
[2026-10-05T10:25:05.557+0000] {standard_task_runner.py:105} INFO - Job 12: Subtask dbt_transform_silver_and_gold
[2026-10-05T10:25:05.765+0000] {task_command.py:467} INFO - Running <TaskInstance: market_data_elt_pipeline.dbt_transform_silver_and_gold manual__2026-10-05T10:24:50.095612+00:00 [running]> on host 8e41545c7181
[2026-10-05T10:25:06.004+0000] {taskinstance.py:3134} INFO - Exporting env vars: AIRFLOW_CTX_DAG_OWNER='data_engineering' AIRFLOW_CTX_DAG_ID='market_data_elt_pipeline' AIRFLOW_CTX_TASK_ID='dbt_transform_silver_and_gold' AIRFLOW_CTX_EXECUTION_DATE='2026-10-05T10:24:50.095612+00:00' AIRFLOW_CTX_TRY_NUMBER='1' AIRFLOW_CTX_DAG_RUN_ID='manual__2026-10-05T10:24:50.095612+00:00'
[2026-10-05T10:25:06.007+0000] {taskinstance.py:732} INFO - ::endgroup::
[2026-10-05T10:25:06.046+0000] {subprocess.py:78} INFO - Tmp dir root location: /tmp
[2026-10-05T10:25:06.052+0000] {subprocess.py:88} INFO - Running command: ['/usr/bin/bash', '-c', 'cd /opt/airflow/market_pipeline && dbt run --profiles-dir . --target docker']
[2026-10-05T10:25:06.083+0000] {subprocess.py:99} INFO - Output:
[2026-10-05T10:25:21.993+0000] {subprocess.py:106} INFO - [0m10:25:21  Running with dbt=1.12.5
[2026-10-05T10:25:22.019+0000] {subprocess.py:106} INFO - [0m10:25:22  [[31mERROR[0m]: Encountered an error:
[2026-10-05T10:25:22.021+0000] {subprocess.py:106} INFO - Runtime Error
[2026-10-05T10:25:22.024+0000] {subprocess.py:106} INFO - 
[2026-10-05T10:25:22.026+0000] {subprocess.py:106} INFO -   dbt encountered an error while trying to read your profiles.yml file.
[2026-10-05T10:25:22.028+0000] {subprocess.py:106} INFO - 
[2026-10-05T10:25:22.032+0000] {subprocess.py:106} INFO -   The profiles.yml file at ./profiles.yml is empty
[2026-10-05T10:25:22.035+0000] {subprocess.py:106} INFO - 
[2026-10-05T10:25:23.675+0000] {subprocess.py:110} INFO - Command exited with return code 2
[2026-10-05T10:25:23.778+0000] {taskinstance.py:3313} ERROR - Task failed with exception
Traceback (most recent call last):
  File "/home/airflow/.local/lib/python3.11/site-packages/airflow/models/taskinstance.py", line 768, in _execute_task
    result = _execute_callable(context=context, **execute_callable_kwargs)
             ^^^^^^^^^^^^^^^^^^^^^^^^^^^^^^^^^^^^^^^^^^^^^^^^^^^^^^^^^^^^^
  File "/home/airflow/.local/lib/python3.11/site-packages/airflow/models/taskinstance.py", line 734, in _execute_callable
    return ExecutionCallableRunner(
           ^^^^^^^^^^^^^^^^^^^^^^^^
  File "/home/airflow/.local/lib/python3.11/site-packages/airflow/utils/operator_helpers.py", line 252, in run
    return self.func(*args, **kwargs)
           ^^^^^^^^^^^^^^^^^^^^^^^^^^
  File "/home/airflow/.local/lib/python3.11/site-packages/airflow/models/baseoperator.py", line 424, in wrapper
    return func(self, *args, **kwargs)
           ^^^^^^^^^^^^^^^^^^^^^^^^^^^
  File "/home/airflow/.local/lib/python3.11/site-packages/airflow/operators/bash.py", line 276, in execute
    raise AirflowException(
airflow.exceptions.AirflowException: Bash command failed. The command returned a non-zero exit code 2.
[2026-10-05T10:25:23.889+0000] {taskinstance.py:1226} INFO - Marking task as UP_FOR_RETRY. dag_id=market_data_elt_pipeline, task_id=dbt_transform_silver_and_gold, run_id=manual__2026-10-05T10:24:50.095612+00:00, execution_date=20261005T102450, start_date=20261005T102505, end_date=20261005T102523
[2026-10-05T10:25:24.037+0000] {taskinstance.py:341} INFO - ::group::Post task execution logs
[2026-10-05T10:25:24.039+0000] {standard_task_runner.py:124} ERROR - Failed to execute job 12 for task dbt_transform_silver_and_gold (Bash command failed. The command returned a non-zero exit code 2.; 827)
Traceback (most recent call last):
  File "/home/airflow/.local/lib/python3.11/site-packages/airflow/task/task_runner/standard_task_runner.py", line 117, in _start_by_fork
    ret = args.func(args, dag=self.dag)
          ^^^^^^^^^^^^^^^^^^^^^^^^^^^^^
  File "/home/airflow/.local/lib/python3.11/site-packages/airflow/cli/cli_config.py", line 49, in command
    return func(*args, **kwargs)
           ^^^^^^^^^^^^^^^^^^^^^
  File "/home/airflow/.local/lib/python3.11/site-packages/airflow/utils/cli.py", line 116, in wrapper
    return f(*args, **kwargs)
           ^^^^^^^^^^^^^^^^^^
  File "/home/airflow/.local/lib/python3.11/site-packages/airflow/cli/commands/task_command.py", line 483, in task_run
    task_return_code = _run_task_by_selected_method(args, _dag, ti)
                       ^^^^^^^^^^^^^^^^^^^^^^^^^^^^^^^^^^^^^^^^^^^^
  File "/home/airflow/.local/lib/python3.11/site-packages/airflow/cli/commands/task_command.py", line 256, in _run_task_by_selected_method
    return _run_raw_task(args, ti)
           ^^^^^^^^^^^^^^^^^^^^^^^
  File "/home/airflow/.local/lib/python3.11/site-packages/airflow/cli/commands/task_command.py", line 341, in _run_raw_task
    return ti._run_raw_task(
           ^^^^^^^^^^^^^^^^^
  File "/home/airflow/.local/lib/python3.11/site-packages/airflow/utils/session.py", line 97, in wrapper
    return func(*args, session=session, **kwargs)
           ^^^^^^^^^^^^^^^^^^^^^^^^^^^^^^^^^^^^^^
  File "/home/airflow/.local/lib/python3.11/site-packages/airflow/models/taskinstance.py", line 3006, in _run_raw_task
    return _run_raw_task(
           ^^^^^^^^^^^^^^
  File "/home/airflow/.local/lib/python3.11/site-packages/airflow/models/taskinstance.py", line 274, in _run_raw_task
    TaskInstance._execute_task_with_callbacks(
  File "/home/airflow/.local/lib/python3.11/site-packages/airflow/models/taskinstance.py", line 3161, in _execute_task_with_callbacks
    result = self._execute_task(context, task_orig)
             ^^^^^^^^^^^^^^^^^^^^^^^^^^^^^^^^^^^^^^
  File "/home/airflow/.local/lib/python3.11/site-packages/airflow/models/taskinstance.py", line 3185, in _execute_task
    return _execute_task(self, context, task_orig)
           ^^^^^^^^^^^^^^^^^^^^^^^^^^^^^^^^^^^^^^^
  File "/home/airflow/.local/lib/python3.11/site-packages/airflow/models/taskinstance.py", line 768, in _execute_task
    result = _execute_callable(context=context, **execute_callable_kwargs)
             ^^^^^^^^^^^^^^^^^^^^^^^^^^^^^^^^^^^^^^^^^^^^^^^^^^^^^^^^^^^^^
  File "/home/airflow/.local/lib/python3.11/site-packages/airflow/models/taskinstance.py", line 734, in _execute_callable
    return ExecutionCallableRunner(
           ^^^^^^^^^^^^^^^^^^^^^^^^
  File "/home/airflow/.local/lib/python3.11/site-packages/airflow/utils/operator_helpers.py", line 252, in run
    return self.func(*args, **kwargs)
           ^^^^^^^^^^^^^^^^^^^^^^^^^^
  File "/home/airflow/.local/lib/python3.11/site-packages/airflow/models/baseoperator.py", line 424, in wrapper
    return func(self, *args, **kwargs)
           ^^^^^^^^^^^^^^^^^^^^^^^^^^^
  File "/home/airflow/.local/lib/python3.11/site-packages/airflow/operators/bash.py", line 276, in execute
    raise AirflowException(
airflow.exceptions.AirflowException: Bash command failed. The command returned a non-zero exit code 2.
[2026-10-05T10:25:24.096+0000] {local_task_job_runner.py:266} INFO - Task exited with return code 1
[2026-10-05T10:25:24.263+0000] {taskinstance.py:3901} INFO - 0 downstream tasks scheduled from follow-on schedule check
[2026-10-05T10:25:24.285+0000] {local_task_job_runner.py:245} INFO - ::endgroup::
