[2026-10-05T13:31:33.479+0000] {local_task_job_runner.py:123} INFO - ::group::Pre task execution logs
[2026-10-05T13:31:34.042+0000] {taskinstance.py:2614} INFO - Dependencies all met for dep_context=non-requeueable deps ti=<TaskInstance: market_data_elt_pipeline.extract_market_data_to_bronze manual__2026-10-05T13:31:05.206154+00:00 [queued]>
[2026-10-05T13:31:34.088+0000] {taskinstance.py:2614} INFO - Dependencies all met for dep_context=requeueable deps ti=<TaskInstance: market_data_elt_pipeline.extract_market_data_to_bronze manual__2026-10-05T13:31:05.206154+00:00 [queued]>
[2026-10-05T13:31:34.091+0000] {taskinstance.py:2867} INFO - Starting attempt 1 of 2
[2026-10-05T13:31:34.200+0000] {taskinstance.py:2890} INFO - Executing <Task(BashOperator): extract_market_data_to_bronze> on 2026-10-05 13:31:05.206154+00:00
[2026-10-05T13:31:34.279+0000] {standard_task_runner.py:72} INFO - Started process 1235 to run task
[2026-10-05T13:31:34.342+0000] {standard_task_runner.py:104} INFO - Running: ['airflow', 'tasks', 'run', 'market_data_elt_pipeline', 'extract_market_data_to_bronze', 'manual__2026-10-05T13:31:05.206154+00:00', '--job-id', '22', '--raw', '--subdir', 'DAGS_FOLDER/market_elt_pipeline.py', '--cfg-path', '/tmp/tmpy_5m24n1']
[2026-10-05T13:31:34.381+0000] {standard_task_runner.py:105} INFO - Job 22: Subtask extract_market_data_to_bronze
[2026-10-05T13:31:34.879+0000] {task_command.py:467} INFO - Running <TaskInstance: market_data_elt_pipeline.extract_market_data_to_bronze manual__2026-10-05T13:31:05.206154+00:00 [running]> on host 8e41545c7181
[2026-10-05T13:31:35.730+0000] {taskinstance.py:3134} INFO - Exporting env vars: AIRFLOW_CTX_DAG_OWNER='data_engineering' AIRFLOW_CTX_DAG_ID='market_data_elt_pipeline' AIRFLOW_CTX_TASK_ID='extract_market_data_to_bronze' AIRFLOW_CTX_EXECUTION_DATE='2026-10-05T13:31:05.206154+00:00' AIRFLOW_CTX_TRY_NUMBER='1' AIRFLOW_CTX_DAG_RUN_ID='manual__2026-10-05T13:31:05.206154+00:00'
[2026-10-05T13:31:35.739+0000] {taskinstance.py:732} INFO - ::endgroup::
[2026-10-05T13:31:36.063+0000] {subprocess.py:78} INFO - Tmp dir root location: /tmp
[2026-10-05T13:31:36.102+0000] {subprocess.py:88} INFO - Running command: ['/usr/bin/bash', '-c', 'python /opt/airflow/extract_options.py']
[2026-10-05T13:31:36.208+0000] {subprocess.py:99} INFO - Output:
[2026-10-05T13:32:00.400+0000] {subprocess.py:106} INFO - Fetching free market data from Yahoo Finance...
[2026-10-05T13:32:00.608+0000] {subprocess.py:106} INFO - Data loaded into bronze layer successfully.
[2026-10-05T13:32:01.753+0000] {subprocess.py:110} INFO - Command exited with return code 0
[2026-10-05T13:32:02.562+0000] {taskinstance.py:341} INFO - ::group::Post task execution logs
[2026-10-05T13:32:02.576+0000] {taskinstance.py:353} INFO - Marking task as SUCCESS. dag_id=market_data_elt_pipeline, task_id=extract_market_data_to_bronze, run_id=manual__2026-10-05T13:31:05.206154+00:00, execution_date=20261005T133105, start_date=20261005T133134, end_date=20261005T133202
[2026-10-05T13:32:03.309+0000] {local_task_job_runner.py:266} INFO - Task exited with return code 0
[2026-10-05T13:32:03.518+0000] {local_task_job_runner.py:245} INFO - ::endgroup::
