[2026-10-05T10:10:52.194+0000] {local_task_job_runner.py:123} INFO - ::group::Pre task execution logs
[2026-10-05T10:10:52.216+0000] {taskinstance.py:2614} INFO - Dependencies all met for dep_context=non-requeueable deps ti=<TaskInstance: market_data_elt_pipeline.extract_market_data_to_bronze manual__2026-10-05T10:08:41.145928+00:00 [queued]>
[2026-10-05T10:10:52.227+0000] {taskinstance.py:2614} INFO - Dependencies all met for dep_context=requeueable deps ti=<TaskInstance: market_data_elt_pipeline.extract_market_data_to_bronze manual__2026-10-05T10:08:41.145928+00:00 [queued]>
[2026-10-05T10:10:52.229+0000] {taskinstance.py:2867} INFO - Starting attempt 2 of 2
[2026-10-05T10:10:52.250+0000] {taskinstance.py:2890} INFO - Executing <Task(BashOperator): extract_market_data_to_bronze> on 2026-10-05 10:08:41.145928+00:00
[2026-10-05T10:10:52.273+0000] {standard_task_runner.py:72} INFO - Started process 621 to run task
[2026-10-05T10:10:52.278+0000] {standard_task_runner.py:104} INFO - Running: ['airflow', 'tasks', 'run', 'market_data_elt_pipeline', 'extract_market_data_to_bronze', 'manual__2026-10-05T10:08:41.145928+00:00', '--job-id', '9', '--raw', '--subdir', 'DAGS_FOLDER/market_elt_pipeline.py', '--cfg-path', '/tmp/tmpersagsa_']
[2026-10-05T10:10:52.282+0000] {standard_task_runner.py:105} INFO - Job 9: Subtask extract_market_data_to_bronze
[2026-10-05T10:10:52.406+0000] {task_command.py:467} INFO - Running <TaskInstance: market_data_elt_pipeline.extract_market_data_to_bronze manual__2026-10-05T10:08:41.145928+00:00 [running]> on host 8e41545c7181
[2026-10-05T10:10:52.536+0000] {taskinstance.py:3134} INFO - Exporting env vars: AIRFLOW_CTX_DAG_OWNER='data_engineering' AIRFLOW_CTX_DAG_ID='market_data_elt_pipeline' AIRFLOW_CTX_TASK_ID='extract_market_data_to_bronze' AIRFLOW_CTX_EXECUTION_DATE='2026-10-05T10:08:41.145928+00:00' AIRFLOW_CTX_TRY_NUMBER='2' AIRFLOW_CTX_DAG_RUN_ID='manual__2026-10-05T10:08:41.145928+00:00'
[2026-10-05T10:10:52.539+0000] {taskinstance.py:732} INFO - ::endgroup::
[2026-10-05T10:10:52.569+0000] {subprocess.py:78} INFO - Tmp dir root location: /tmp
[2026-10-05T10:10:52.575+0000] {subprocess.py:88} INFO - Running command: ['/usr/bin/bash', '-c', 'python /opt/airflow/extract_options.py']
[2026-10-05T10:10:52.588+0000] {subprocess.py:99} INFO - Output:
[2026-10-05T10:10:54.436+0000] {subprocess.py:106} INFO - Fetching free market data from Yahoo Finance...
[2026-10-05T10:10:54.438+0000] {subprocess.py:106} INFO - Connecting to PostgreSQL to load data...
[2026-10-05T10:10:54.439+0000] {subprocess.py:106} INFO - Traceback (most recent call last):
[2026-10-05T10:10:54.440+0000] {subprocess.py:106} INFO -   File "/opt/airflow/extract_options.py", line 80, in <module>
[2026-10-05T10:10:54.441+0000] {subprocess.py:106} INFO -     load_to_bronze(data)
[2026-10-05T10:10:54.442+0000] {subprocess.py:106} INFO -   File "/opt/airflow/extract_options.py", line 72, in load_to_bronze
[2026-10-05T10:10:54.443+0000] {subprocess.py:106} INFO -     cur.execute("""
[2026-10-05T10:10:54.444+0000] {subprocess.py:106} INFO - psycopg2.errors.UndefinedTable: relation "bronze_raw_options" does not exist
[2026-10-05T10:10:54.445+0000] {subprocess.py:106} INFO - LINE 2:                 INSERT INTO bronze_raw_options (raw_payload)
[2026-10-05T10:10:54.445+0000] {subprocess.py:106} INFO -                                     ^
[2026-10-05T10:10:54.446+0000] {subprocess.py:106} INFO - 
[2026-10-05T10:10:54.570+0000] {subprocess.py:110} INFO - Command exited with return code 1
[2026-10-05T10:10:54.588+0000] {taskinstance.py:3313} ERROR - Task failed with exception
Traceback (most recent call last):
  File "/home/airflow/.local/lib/python3.11/site-packages/airflow/models/taskinstance.py", line 768, in _execute_task
    result = _execute_callable(context=context, **execute_callable_kwargs)
             ^^^^^^^^^^^^^^^^^^^^^^^^^^^^^^^^^^^^^^^^^^^^^^^^^^^^^^^^^^^^^
  File "/home/airflow/.local/lib/python3.11/site-packages/airflow/models/taskinstance.py", line 734, in _execute_callable
    return ExecutionCallableRunner(
           ^^^^^^^^^^^^^^^^^^^^^^^^
  File "/home/airflow/.local/lib/python3.11/site-packages/airflow/utils/operator_helpers.py", line 252, in run
    return self.func(*args, **kwargs)
           ^^^^^^^^^^^^^^^^^^^^^^^^^^
  File "/home/airflow/.local/lib/python3.11/site-packages/airflow/models/baseoperator.py", line 424, in wrapper
    return func(self, *args, **kwargs)
           ^^^^^^^^^^^^^^^^^^^^^^^^^^^
  File "/home/airflow/.local/lib/python3.11/site-packages/airflow/operators/bash.py", line 276, in execute
    raise AirflowException(
airflow.exceptions.AirflowException: Bash command failed. The command returned a non-zero exit code 1.
[2026-10-05T10:10:54.598+0000] {taskinstance.py:1226} INFO - Marking task as FAILED. dag_id=market_data_elt_pipeline, task_id=extract_market_data_to_bronze, run_id=manual__2026-10-05T10:08:41.145928+00:00, execution_date=20261005T100841, start_date=20261005T101052, end_date=20261005T101054
[2026-10-05T10:10:54.645+0000] {taskinstance.py:341} INFO - ::group::Post task execution logs
[2026-10-05T10:10:54.648+0000] {standard_task_runner.py:124} ERROR - Failed to execute job 9 for task extract_market_data_to_bronze (Bash command failed. The command returned a non-zero exit code 1.; 621)
Traceback (most recent call last):
  File "/home/airflow/.local/lib/python3.11/site-packages/airflow/task/task_runner/standard_task_runner.py", line 117, in _start_by_fork
    ret = args.func(args, dag=self.dag)
          ^^^^^^^^^^^^^^^^^^^^^^^^^^^^^
  File "/home/airflow/.local/lib/python3.11/site-packages/airflow/cli/cli_config.py", line 49, in command
    return func(*args, **kwargs)
           ^^^^^^^^^^^^^^^^^^^^^
  File "/home/airflow/.local/lib/python3.11/site-packages/airflow/utils/cli.py", line 116, in wrapper
    return f(*args, **kwargs)
           ^^^^^^^^^^^^^^^^^^
  File "/home/airflow/.local/lib/python3.11/site-packages/airflow/cli/commands/task_command.py", line 483, in task_run
    task_return_code = _run_task_by_selected_method(args, _dag, ti)
                       ^^^^^^^^^^^^^^^^^^^^^^^^^^^^^^^^^^^^^^^^^^^^
  File "/home/airflow/.local/lib/python3.11/site-packages/airflow/cli/commands/task_command.py", line 256, in _run_task_by_selected_method
    return _run_raw_task(args, ti)
           ^^^^^^^^^^^^^^^^^^^^^^^
  File "/home/airflow/.local/lib/python3.11/site-packages/airflow/cli/commands/task_command.py", line 341, in _run_raw_task
    return ti._run_raw_task(
           ^^^^^^^^^^^^^^^^^
  File "/home/airflow/.local/lib/python3.11/site-packages/airflow/utils/session.py", line 97, in wrapper
    return func(*args, session=session, **kwargs)
           ^^^^^^^^^^^^^^^^^^^^^^^^^^^^^^^^^^^^^^
  File "/home/airflow/.local/lib/python3.11/site-packages/airflow/models/taskinstance.py", line 3006, in _run_raw_task
    return _run_raw_task(
           ^^^^^^^^^^^^^^
  File "/home/airflow/.local/lib/python3.11/site-packages/airflow/models/taskinstance.py", line 274, in _run_raw_task
    TaskInstance._execute_task_with_callbacks(
  File "/home/airflow/.local/lib/python3.11/site-packages/airflow/models/taskinstance.py", line 3161, in _execute_task_with_callbacks
    result = self._execute_task(context, task_orig)
             ^^^^^^^^^^^^^^^^^^^^^^^^^^^^^^^^^^^^^^
  File "/home/airflow/.local/lib/python3.11/site-packages/airflow/models/taskinstance.py", line 3185, in _execute_task
    return _execute_task(self, context, task_orig)
           ^^^^^^^^^^^^^^^^^^^^^^^^^^^^^^^^^^^^^^^
  File "/home/airflow/.local/lib/python3.11/site-packages/airflow/models/taskinstance.py", line 768, in _execute_task
    result = _execute_callable(context=context, **execute_callable_kwargs)
             ^^^^^^^^^^^^^^^^^^^^^^^^^^^^^^^^^^^^^^^^^^^^^^^^^^^^^^^^^^^^^
  File "/home/airflow/.local/lib/python3.11/site-packages/airflow/models/taskinstance.py", line 734, in _execute_callable
    return ExecutionCallableRunner(
           ^^^^^^^^^^^^^^^^^^^^^^^^
  File "/home/airflow/.local/lib/python3.11/site-packages/airflow/utils/operator_helpers.py", line 252, in run
    return self.func(*args, **kwargs)
           ^^^^^^^^^^^^^^^^^^^^^^^^^^
  File "/home/airflow/.local/lib/python3.11/site-packages/airflow/models/baseoperator.py", line 424, in wrapper
    return func(self, *args, **kwargs)
           ^^^^^^^^^^^^^^^^^^^^^^^^^^^
  File "/home/airflow/.local/lib/python3.11/site-packages/airflow/operators/bash.py", line 276, in execute
    raise AirflowException(
airflow.exceptions.AirflowException: Bash command failed. The command returned a non-zero exit code 1.
[2026-10-05T10:10:54.669+0000] {local_task_job_runner.py:266} INFO - Task exited with return code 1
[2026-10-05T10:10:54.702+0000] {taskinstance.py:3901} INFO - 0 downstream tasks scheduled from follow-on schedule check
[2026-10-05T10:10:54.707+0000] {local_task_job_runner.py:245} INFO - ::endgroup::
