[2026-10-05T10:24:55.682+0000] {local_task_job_runner.py:123} INFO - ::group::Pre task execution logs
[2026-10-05T10:24:55.754+0000] {taskinstance.py:2614} INFO - Dependencies all met for dep_context=non-requeueable deps ti=<TaskInstance: market_data_elt_pipeline.extract_market_data_to_bronze manual__2026-10-05T10:24:50.095612+00:00 [queued]>
[2026-10-05T10:24:55.791+0000] {taskinstance.py:2614} INFO - Dependencies all met for dep_context=requeueable deps ti=<TaskInstance: market_data_elt_pipeline.extract_market_data_to_bronze manual__2026-10-05T10:24:50.095612+00:00 [queued]>
[2026-10-05T10:24:55.793+0000] {taskinstance.py:2867} INFO - Starting attempt 1 of 2
[2026-10-05T10:24:55.825+0000] {taskinstance.py:2890} INFO - Executing <Task(BashOperator): extract_market_data_to_bronze> on 2026-10-05 10:24:50.095612+00:00
[2026-10-05T10:24:55.843+0000] {standard_task_runner.py:72} INFO - Started process 808 to run task
[2026-10-05T10:24:55.849+0000] {standard_task_runner.py:104} INFO - Running: ['airflow', 'tasks', 'run', 'market_data_elt_pipeline', 'extract_market_data_to_bronze', 'manual__2026-10-05T10:24:50.095612+00:00', '--job-id', '10', '--raw', '--subdir', 'DAGS_FOLDER/market_elt_pipeline.py', '--cfg-path', '/tmp/tmpp2zqntm3']
[2026-10-05T10:24:55.855+0000] {standard_task_runner.py:105} INFO - Job 10: Subtask extract_market_data_to_bronze
[2026-10-05T10:24:56.041+0000] {task_command.py:467} INFO - Running <TaskInstance: market_data_elt_pipeline.extract_market_data_to_bronze manual__2026-10-05T10:24:50.095612+00:00 [running]> on host 8e41545c7181
[2026-10-05T10:24:56.379+0000] {taskinstance.py:3134} INFO - Exporting env vars: AIRFLOW_CTX_DAG_OWNER='data_engineering' AIRFLOW_CTX_DAG_ID='market_data_elt_pipeline' AIRFLOW_CTX_TASK_ID='extract_market_data_to_bronze' AIRFLOW_CTX_EXECUTION_DATE='2026-10-05T10:24:50.095612+00:00' AIRFLOW_CTX_TRY_NUMBER='1' AIRFLOW_CTX_DAG_RUN_ID='manual__2026-10-05T10:24:50.095612+00:00'
[2026-10-05T10:24:56.384+0000] {taskinstance.py:732} INFO - ::endgroup::
[2026-10-05T10:24:56.527+0000] {subprocess.py:78} INFO - Tmp dir root location: /tmp
[2026-10-05T10:24:56.552+0000] {subprocess.py:88} INFO - Running command: ['/usr/bin/bash', '-c', 'python /opt/airflow/extract_options.py']
[2026-10-05T10:24:56.587+0000] {subprocess.py:99} INFO - Output:
[2026-10-05T10:25:01.952+0000] {subprocess.py:106} INFO - Fetching free market data from Yahoo Finance...
[2026-10-05T10:25:01.956+0000] {subprocess.py:106} INFO - Data loaded into bronze layer successfully.
[2026-10-05T10:25:02.291+0000] {subprocess.py:110} INFO - Command exited with return code 0
[2026-10-05T10:25:02.531+0000] {taskinstance.py:341} INFO - ::group::Post task execution logs
[2026-10-05T10:25:02.537+0000] {taskinstance.py:353} INFO - Marking task as SUCCESS. dag_id=market_data_elt_pipeline, task_id=extract_market_data_to_bronze, run_id=manual__2026-10-05T10:24:50.095612+00:00, execution_date=20261005T102450, start_date=20261005T102455, end_date=20261005T102502
[2026-10-05T10:25:02.765+0000] {local_task_job_runner.py:266} INFO - Task exited with return code 0
[2026-10-05T10:25:02.945+0000] {taskinstance.py:3901} INFO - 1 downstream tasks scheduled from follow-on schedule check
[2026-10-05T10:25:02.953+0000] {local_task_job_runner.py:245} INFO - ::endgroup::
