[2026-10-05T09:46:24.617+0000] {local_task_job_runner.py:123} INFO - ::group::Pre task execution logs
[2026-10-05T09:46:24.720+0000] {taskinstance.py:2614} INFO - Dependencies all met for dep_context=non-requeueable deps ti=<TaskInstance: market_data_elt_pipeline.extract_market_data_to_bronze scheduled__2026-10-04T00:00:00+00:00 [queued]>
[2026-10-05T09:46:24.784+0000] {taskinstance.py:2614} INFO - Dependencies all met for dep_context=requeueable deps ti=<TaskInstance: market_data_elt_pipeline.extract_market_data_to_bronze scheduled__2026-10-04T00:00:00+00:00 [queued]>
[2026-10-05T09:46:24.786+0000] {taskinstance.py:2867} INFO - Starting attempt 1 of 2
[2026-10-05T09:46:24.847+0000] {taskinstance.py:2890} INFO - Executing <Task(BashOperator): extract_market_data_to_bronze> on 2026-10-04 00:00:00+00:00
[2026-10-05T09:46:24.905+0000] {standard_task_runner.py:72} INFO - Started process 213 to run task
[2026-10-05T09:46:24.947+0000] {standard_task_runner.py:104} INFO - Running: ['airflow', 'tasks', 'run', 'market_data_elt_pipeline', 'extract_market_data_to_bronze', 'scheduled__2026-10-04T00:00:00+00:00', '--job-id', '2', '--raw', '--subdir', 'DAGS_FOLDER/market_elt_pipeline.py', '--cfg-path', '/tmp/tmp4a8l9ahh']
[2026-10-05T09:46:24.956+0000] {standard_task_runner.py:105} INFO - Job 2: Subtask extract_market_data_to_bronze
[2026-10-05T09:46:25.185+0000] {task_command.py:467} INFO - Running <TaskInstance: market_data_elt_pipeline.extract_market_data_to_bronze scheduled__2026-10-04T00:00:00+00:00 [running]> on host 8e41545c7181
[2026-10-05T09:46:25.508+0000] {taskinstance.py:3134} INFO - Exporting env vars: AIRFLOW_CTX_DAG_OWNER='data_engineering' AIRFLOW_CTX_DAG_ID='market_data_elt_pipeline' AIRFLOW_CTX_TASK_ID='extract_market_data_to_bronze' AIRFLOW_CTX_EXECUTION_DATE='2026-10-04T00:00:00+00:00' AIRFLOW_CTX_TRY_NUMBER='1' AIRFLOW_CTX_DAG_RUN_ID='scheduled__2026-10-04T00:00:00+00:00'
[2026-10-05T09:46:25.515+0000] {taskinstance.py:732} INFO - ::endgroup::
[2026-10-05T09:46:25.889+0000] {subprocess.py:78} INFO - Tmp dir root location: /tmp
[2026-10-05T09:46:25.899+0000] {subprocess.py:88} INFO - Running command: ['/usr/bin/bash', '-c', 'python /opt/airflow/extract_options.py']
[2026-10-05T09:46:25.965+0000] {subprocess.py:99} INFO - Output:
[2026-10-05T09:46:40.913+0000] {subprocess.py:106} INFO - Fetching free market data from Yahoo Finance...
[2026-10-05T09:46:40.931+0000] {subprocess.py:106} INFO - Connecting to PostgreSQL to load data...
[2026-10-05T09:46:40.939+0000] {subprocess.py:106} INFO - Traceback (most recent call last):
[2026-10-05T09:46:40.945+0000] {subprocess.py:106} INFO -   File "/opt/airflow/extract_options.py", line 79, in <module>
[2026-10-05T09:46:40.947+0000] {subprocess.py:106} INFO -     load_to_bronze(data)
[2026-10-05T09:46:40.949+0000] {subprocess.py:106} INFO -   File "/opt/airflow/extract_options.py", line 68, in load_to_bronze
[2026-10-05T09:46:40.950+0000] {subprocess.py:106} INFO -     with psycopg.connect(DB_URI) as conn:
[2026-10-05T09:46:40.951+0000] {subprocess.py:106} INFO -          ^^^^^^^
[2026-10-05T09:46:40.953+0000] {subprocess.py:106} INFO - NameError: name 'psycopg' is not defined. Did you mean: 'psycopg2'?
[2026-10-05T09:46:41.337+0000] {subprocess.py:110} INFO - Command exited with return code 1
[2026-10-05T09:46:41.370+0000] {taskinstance.py:3313} ERROR - Task failed with exception
Traceback (most recent call last):
  File "/home/airflow/.local/lib/python3.11/site-packages/airflow/models/taskinstance.py", line 768, in _execute_task
    result = _execute_callable(context=context, **execute_callable_kwargs)
             ^^^^^^^^^^^^^^^^^^^^^^^^^^^^^^^^^^^^^^^^^^^^^^^^^^^^^^^^^^^^^
  File "/home/airflow/.local/lib/python3.11/site-packages/airflow/models/taskinstance.py", line 734, in _execute_callable
    return ExecutionCallableRunner(
           ^^^^^^^^^^^^^^^^^^^^^^^^
  File "/home/airflow/.local/lib/python3.11/site-packages/airflow/utils/operator_helpers.py", line 252, in run
    return self.func(*args, **kwargs)
           ^^^^^^^^^^^^^^^^^^^^^^^^^^
  File "/home/airflow/.local/lib/python3.11/site-packages/airflow/models/baseoperator.py", line 424, in wrapper
    return func(self, *args, **kwargs)
           ^^^^^^^^^^^^^^^^^^^^^^^^^^^
  File "/home/airflow/.local/lib/python3.11/site-packages/airflow/operators/bash.py", line 276, in execute
    raise AirflowException(
airflow.exceptions.AirflowException: Bash command failed. The command returned a non-zero exit code 1.
[2026-10-05T09:46:41.464+0000] {taskinstance.py:1226} INFO - Marking task as UP_FOR_RETRY. dag_id=market_data_elt_pipeline, task_id=extract_market_data_to_bronze, run_id=scheduled__2026-10-04T00:00:00+00:00, execution_date=20261004T000000, start_date=20261005T094624, end_date=20261005T094641
[2026-10-05T09:46:41.607+0000] {taskinstance.py:341} INFO - ::group::Post task execution logs
[2026-10-05T09:46:41.614+0000] {standard_task_runner.py:124} ERROR - Failed to execute job 2 for task extract_market_data_to_bronze (Bash command failed. The command returned a non-zero exit code 1.; 213)
Traceback (most recent call last):
  File "/home/airflow/.local/lib/python3.11/site-packages/airflow/task/task_runner/standard_task_runner.py", line 117, in _start_by_fork
    ret = args.func(args, dag=self.dag)
          ^^^^^^^^^^^^^^^^^^^^^^^^^^^^^
  File "/home/airflow/.local/lib/python3.11/site-packages/airflow/cli/cli_config.py", line 49, in command
    return func(*args, **kwargs)
           ^^^^^^^^^^^^^^^^^^^^^
  File "/home/airflow/.local/lib/python3.11/site-packages/airflow/utils/cli.py", line 116, in wrapper
    return f(*args, **kwargs)
           ^^^^^^^^^^^^^^^^^^
  File "/home/airflow/.local/lib/python3.11/site-packages/airflow/cli/commands/task_command.py", line 483, in task_run
    task_return_code = _run_task_by_selected_method(args, _dag, ti)
                       ^^^^^^^^^^^^^^^^^^^^^^^^^^^^^^^^^^^^^^^^^^^^
  File "/home/airflow/.local/lib/python3.11/site-packages/airflow/cli/commands/task_command.py", line 256, in _run_task_by_selected_method
    return _run_raw_task(args, ti)
           ^^^^^^^^^^^^^^^^^^^^^^^
  File "/home/airflow/.local/lib/python3.11/site-packages/airflow/cli/commands/task_command.py", line 341, in _run_raw_task
    return ti._run_raw_task(
           ^^^^^^^^^^^^^^^^^
  File "/home/airflow/.local/lib/python3.11/site-packages/airflow/utils/session.py", line 97, in wrapper
    return func(*args, session=session, **kwargs)
           ^^^^^^^^^^^^^^^^^^^^^^^^^^^^^^^^^^^^^^
  File "/home/airflow/.local/lib/python3.11/site-packages/airflow/models/taskinstance.py", line 3006, in _run_raw_task
    return _run_raw_task(
           ^^^^^^^^^^^^^^
  File "/home/airflow/.local/lib/python3.11/site-packages/airflow/models/taskinstance.py", line 274, in _run_raw_task
    TaskInstance._execute_task_with_callbacks(
  File "/home/airflow/.local/lib/python3.11/site-packages/airflow/models/taskinstance.py", line 3161, in _execute_task_with_callbacks
    result = self._execute_task(context, task_orig)
             ^^^^^^^^^^^^^^^^^^^^^^^^^^^^^^^^^^^^^^
  File "/home/airflow/.local/lib/python3.11/site-packages/airflow/models/taskinstance.py", line 3185, in _execute_task
    return _execute_task(self, context, task_orig)
           ^^^^^^^^^^^^^^^^^^^^^^^^^^^^^^^^^^^^^^^
  File "/home/airflow/.local/lib/python3.11/site-packages/airflow/models/taskinstance.py", line 768, in _execute_task
    result = _execute_callable(context=context, **execute_callable_kwargs)
             ^^^^^^^^^^^^^^^^^^^^^^^^^^^^^^^^^^^^^^^^^^^^^^^^^^^^^^^^^^^^^
  File "/home/airflow/.local/lib/python3.11/site-packages/airflow/models/taskinstance.py", line 734, in _execute_callable
    return ExecutionCallableRunner(
           ^^^^^^^^^^^^^^^^^^^^^^^^
  File "/home/airflow/.local/lib/python3.11/site-packages/airflow/utils/operator_helpers.py", line 252, in run
    return self.func(*args, **kwargs)
           ^^^^^^^^^^^^^^^^^^^^^^^^^^
  File "/home/airflow/.local/lib/python3.11/site-packages/airflow/models/baseoperator.py", line 424, in wrapper
    return func(self, *args, **kwargs)
           ^^^^^^^^^^^^^^^^^^^^^^^^^^^
  File "/home/airflow/.local/lib/python3.11/site-packages/airflow/operators/bash.py", line 276, in execute
    raise AirflowException(
airflow.exceptions.AirflowException: Bash command failed. The command returned a non-zero exit code 1.
[2026-10-05T09:46:41.710+0000] {local_task_job_runner.py:266} INFO - Task exited with return code 1
[2026-10-05T09:46:41.760+0000] {taskinstance.py:3901} INFO - 0 downstream tasks scheduled from follow-on schedule check
[2026-10-05T09:46:41.764+0000] {local_task_job_runner.py:245} INFO - ::endgroup::
