[2026-10-04T17:39:03.368+0000] {manager.py:483} INFO - Processing files using up to 2 processes at a time 
[2026-10-04T17:39:03.378+0000] {manager.py:484} INFO - Process each file at most once every 30 seconds
[2026-10-04T17:39:03.381+0000] {manager.py:485} INFO - Checking for new files in /opt/airflow/dags every 300 seconds
[2026-10-04T17:39:03.385+0000] {manager.py:821} INFO - Searching for files in /opt/airflow/dags
[2026-10-04T17:39:03.405+0000] {manager.py:824} INFO - There are 0 files in /opt/airflow/dags
[2026-10-04T17:44:03.555+0000] {manager.py:821} INFO - Searching for files in /opt/airflow/dags
[2026-10-04T17:44:03.578+0000] {manager.py:824} INFO - There are 0 files in /opt/airflow/dags
[2026-10-04T17:49:04.367+0000] {manager.py:821} INFO - Searching for files in /opt/airflow/dags
[2026-10-04T17:49:04.377+0000] {manager.py:824} INFO - There are 0 files in /opt/airflow/dags
[2026-10-04T17:54:05.002+0000] {manager.py:821} INFO - Searching for files in /opt/airflow/dags
[2026-10-04T17:54:05.016+0000] {manager.py:824} INFO - There are 0 files in /opt/airflow/dags
[2026-10-04T17:59:05.356+0000] {manager.py:821} INFO - Searching for files in /opt/airflow/dags
[2026-10-04T17:59:05.365+0000] {manager.py:824} INFO - There are 0 files in /opt/airflow/dags
[2026-10-04T18:04:05.638+0000] {manager.py:821} INFO - Searching for files in /opt/airflow/dags
[2026-10-04T18:04:05.646+0000] {manager.py:824} INFO - There are 0 files in /opt/airflow/dags
[2026-10-04T18:09:05.797+0000] {manager.py:821} INFO - Searching for files in /opt/airflow/dags
[2026-10-04T18:09:05.820+0000] {manager.py:824} INFO - There are 0 files in /opt/airflow/dags
[2026-10-04T18:14:05.994+0000] {manager.py:821} INFO - Searching for files in /opt/airflow/dags
[2026-10-04T18:14:06.008+0000] {manager.py:824} INFO - There are 0 files in /opt/airflow/dags
[2026-10-04T18:19:06.480+0000] {manager.py:821} INFO - Searching for files in /opt/airflow/dags
[2026-10-04T18:19:06.506+0000] {manager.py:824} INFO - There are 0 files in /opt/airflow/dags
