[2026-10-05T10:41:30.064+0000] {local_task_job_runner.py:123} INFO - ::group::Pre task execution logs
[2026-10-05T10:41:30.141+0000] {taskinstance.py:2614} INFO - Dependencies all met for dep_context=non-requeueable deps ti=<TaskInstance: market_data_elt_pipeline.dbt_transform_silver_and_gold manual__2026-10-05T10:41:15.268334+00:00 [queued]>
[2026-10-05T10:41:30.172+0000] {taskinstance.py:2614} INFO - Dependencies all met for dep_context=requeueable deps ti=<TaskInstance: market_data_elt_pipeline.dbt_transform_silver_and_gold manual__2026-10-05T10:41:15.268334+00:00 [queued]>
[2026-10-05T10:41:30.174+0000] {taskinstance.py:2867} INFO - Starting attempt 1 of 2
[2026-10-05T10:41:30.205+0000] {taskinstance.py:2890} INFO - Executing <Task(BashOperator): dbt_transform_silver_and_gold> on 2026-10-05 10:41:15.268334+00:00
[2026-10-05T10:41:30.217+0000] {standard_task_runner.py:72} INFO - Started process 1074 to run task
[2026-10-05T10:41:30.224+0000] {standard_task_runner.py:104} INFO - Running: ['airflow', 'tasks', 'run', 'market_data_elt_pipeline', 'dbt_transform_silver_and_gold', 'manual__2026-10-05T10:41:15.268334+00:00', '--job-id', '20', '--raw', '--subdir', 'DAGS_FOLDER/market_elt_pipeline.py', '--cfg-path', '/tmp/tmpyt2qvtl4']
[2026-10-05T10:41:30.230+0000] {standard_task_runner.py:105} INFO - Job 20: Subtask dbt_transform_silver_and_gold
[2026-10-05T10:41:30.346+0000] {task_command.py:467} INFO - Running <TaskInstance: market_data_elt_pipeline.dbt_transform_silver_and_gold manual__2026-10-05T10:41:15.268334+00:00 [running]> on host 8e41545c7181
[2026-10-05T10:41:30.557+0000] {taskinstance.py:3134} INFO - Exporting env vars: AIRFLOW_CTX_DAG_OWNER='data_engineering' AIRFLOW_CTX_DAG_ID='market_data_elt_pipeline' AIRFLOW_CTX_TASK_ID='dbt_transform_silver_and_gold' AIRFLOW_CTX_EXECUTION_DATE='2026-10-05T10:41:15.268334+00:00' AIRFLOW_CTX_TRY_NUMBER='1' AIRFLOW_CTX_DAG_RUN_ID='manual__2026-10-05T10:41:15.268334+00:00'
[2026-10-05T10:41:30.560+0000] {taskinstance.py:732} INFO - ::endgroup::
[2026-10-05T10:41:30.609+0000] {subprocess.py:78} INFO - Tmp dir root location: /tmp
[2026-10-05T10:41:30.616+0000] {subprocess.py:88} INFO - Running command: ['/usr/bin/bash', '-c', 'cd /opt/airflow/market_pipeline && dbt run --profiles-dir . --target docker']
[2026-10-05T10:41:30.645+0000] {subprocess.py:99} INFO - Output:
[2026-10-05T10:41:36.263+0000] {subprocess.py:106} INFO - [0m10:41:36  Running with dbt=1.12.5
[2026-10-05T10:41:37.774+0000] {subprocess.py:106} INFO - [0m10:41:37  Registered adapter: postgres=1.11.0
[2026-10-05T10:41:38.419+0000] {subprocess.py:106} INFO - [0m10:41:38  Unable to do partial parsing because config vars, config profile, or config target have changed
[2026-10-05T10:41:38.423+0000] {subprocess.py:106} INFO - [0m10:41:38  Unable to do partial parsing because profile has changed
[2026-10-05T10:41:42.568+0000] {subprocess.py:106} INFO - [0m10:41:42  Found 2 models, 10 data tests, 1 source, 477 macros
[2026-10-05T10:41:42.578+0000] {subprocess.py:106} INFO - [0m10:41:42
[2026-10-05T10:41:42.580+0000] {subprocess.py:106} INFO - [0m10:41:42  Concurrency: 4 threads (target='docker')
[2026-10-05T10:41:42.583+0000] {subprocess.py:106} INFO - [0m10:41:42
[2026-10-05T10:41:43.057+0000] {subprocess.py:106} INFO - [0m10:41:43  1 of 2 START sql view model public.stg_market_data ............................. [RUN]
[2026-10-05T10:41:43.397+0000] {subprocess.py:106} INFO - [0m10:41:43  1 of 2 OK created sql view model public.stg_market_data ........................ [[32mCREATE VIEW[0m in 0.33s]
[2026-10-05T10:41:43.408+0000] {subprocess.py:106} INFO - [0m10:41:43  2 of 2 START sql table model public.fct_daily_market_performance ............... [RUN]
[2026-10-05T10:41:43.661+0000] {subprocess.py:106} INFO - [0m10:41:43  2 of 2 OK created sql table model public.fct_daily_market_performance .......... [[32mSELECT 10[0m in 0.25s]
[2026-10-05T10:41:43.715+0000] {subprocess.py:106} INFO - [0m10:41:43
[2026-10-05T10:41:43.719+0000] {subprocess.py:106} INFO - [0m10:41:43  Finished running 1 table model, 1 view model in 0 hours 0 minutes and 1.13 seconds (1.13s).
[2026-10-05T10:41:43.938+0000] {subprocess.py:106} INFO - [0m10:41:43
[2026-10-05T10:41:43.940+0000] {subprocess.py:106} INFO - [0m10:41:43  [32mCompleted successfully[0m
[2026-10-05T10:41:43.943+0000] {subprocess.py:106} INFO - [0m10:41:43
[2026-10-05T10:41:43.946+0000] {subprocess.py:106} INFO - [0m10:41:43  Done. PASS=2 WARN=0 ERROR=0 SKIP=0 NO-OP=0 REUSED=0 TOTAL=2
[2026-10-05T10:41:45.343+0000] {subprocess.py:110} INFO - Command exited with return code 0
[2026-10-05T10:41:45.397+0000] {taskinstance.py:341} INFO - ::group::Post task execution logs
[2026-10-05T10:41:45.404+0000] {taskinstance.py:353} INFO - Marking task as SUCCESS. dag_id=market_data_elt_pipeline, task_id=dbt_transform_silver_and_gold, run_id=manual__2026-10-05T10:41:15.268334+00:00, execution_date=20261005T104115, start_date=20261005T104130, end_date=20261005T104145
[2026-10-05T10:41:45.504+0000] {local_task_job_runner.py:266} INFO - Task exited with return code 0
[2026-10-05T10:41:45.541+0000] {taskinstance.py:3901} INFO - 1 downstream tasks scheduled from follow-on schedule check
[2026-10-05T10:41:45.545+0000] {local_task_job_runner.py:245} INFO - ::endgroup::
